Component: ARM Compiler 5.06 update 4 (build 422) Tool: armlink [4d35d2]

==============================================================================

Section Cross References

    main.o(i.main) refers to stm32f4xx_rcc.o(i.RCC_AHB1PeriphClockCmd) for RCC_AHB1PeriphClockCmd
    main.o(i.main) refers to flash_if.o(i.FLASH_If_Init) for FLASH_If_Init
    main.o(i.main) refers to flash_if.o(i.FLASH_If_New_App) for FLASH_If_New_App
    main.o(i.main) refers to flash_if.o(i.FLASH_Check_CRC) for FLASH_Check_CRC
    main.o(i.main) refers to stm32f4xx_flash.o(i.FLASH_Unlock) for FLASH_Unlock
    main.o(i.main) refers to stm32f4xx_flash.o(i.FLASH_OB_Unlock) for FLASH_OB_Unlock
    main.o(i.main) refers to flash_if.o(i.FLASH_If_ConfigWriteProtection) for FLASH_If_ConfigWriteProtection
    main.o(i.main) refers to flash_if.o(i.FLASH_If_Erase) for FLASH_If_Erase
    main.o(i.main) refers to flash_if.o(i.FLASH_If_Write) for FLASH_If_Write
    main.o(i.main) refers to stm32f4xx_flash.o(i.FLASH_OB_Lock) for FLASH_OB_Lock
    main.o(i.main) refers to stm32f4xx_flash.o(i.FLASH_Lock) for FLASH_Lock
    main.o(i.main) refers to main.o(.data) for Err_Flag
    flash_if.o(i.FLASH_Check_CRC) refers to stm32f4xx_crc.o(i.CRC_ResetDR) for CRC_ResetDR
    flash_if.o(i.FLASH_Check_CRC) refers to stm32f4xx_crc.o(i.CRC_CalcBlockCRC) for CRC_CalcBlockCRC
    flash_if.o(i.FLASH_If_ConfigWriteProtection) refers to stm32f4xx_flash.o(i.FLASH_OB_WRPConfig) for FLASH_OB_WRPConfig
    flash_if.o(i.FLASH_If_ConfigWriteProtection) refers to stm32f4xx_flash.o(i.FLASH_OB_Launch) for FLASH_OB_Launch
    flash_if.o(i.FLASH_If_Erase) refers to flash_if.o(i.GetSector) for GetSector
    flash_if.o(i.FLASH_If_Erase) refers to stm32f4xx_flash.o(i.FLASH_EraseSector) for FLASH_EraseSector
    flash_if.o(i.FLASH_If_Init) refers to stm32f4xx_flash.o(i.FLASH_ClearFlag) for FLASH_ClearFlag
    flash_if.o(i.FLASH_If_New_App) refers to memcmp.o(.text) for memcmp
    flash_if.o(i.FLASH_If_New_App) refers to flash_if.o(.constdata) for RANDOM_BOOTLOADER_NEW
    flash_if.o(i.FLASH_If_Write) refers to stm32f4xx_flash.o(i.FLASH_ProgramWord) for FLASH_ProgramWord
    stm32f4xx_it.o(i.hard_fault) refers to stm32f4xx_it.o(.data) for stacked_r0
    startup_stm32f40_41xxx.o(RESET) refers to startup_stm32f40_41xxx.o(STACK) for __initial_sp
    startup_stm32f40_41xxx.o(RESET) refers to startup_stm32f40_41xxx.o(.text) for Reset_Handler
    startup_stm32f40_41xxx.o(RESET) refers to stm32f4xx_it.o(i.NMI_Handler) for NMI_Handler
    startup_stm32f40_41xxx.o(RESET) refers to stm32f4xx_it.o(i.MemManage_Handler) for MemManage_Handler
    startup_stm32f40_41xxx.o(RESET) refers to stm32f4xx_it.o(i.BusFault_Handler) for BusFault_Handler
    startup_stm32f40_41xxx.o(RESET) refers to stm32f4xx_it.o(i.UsageFault_Handler) for UsageFault_Handler
    startup_stm32f40_41xxx.o(RESET) refers to stm32f4xx_it.o(i.SVC_Handler) for SVC_Handler
    startup_stm32f40_41xxx.o(RESET) refers to stm32f4xx_it.o(i.DebugMon_Handler) for DebugMon_Handler
    startup_stm32f40_41xxx.o(RESET) refers to stm32f4xx_it.o(i.PendSV_Handler) for PendSV_Handler
    startup_stm32f40_41xxx.o(.text) refers to stm32f4xx_it.o(i.hard_fault) for hard_fault
    startup_stm32f40_41xxx.o(.text) refers to system_stm32f4xx.o(i.SystemInit) for SystemInit
    startup_stm32f40_41xxx.o(.text) refers to entry.o(.ARM.Collect$$$$00000000) for __main
    stm32f4xx_syscfg.o(i.SYSCFG_DeInit) refers to stm32f4xx_rcc.o(i.RCC_APB2PeriphResetCmd) for RCC_APB2PeriphResetCmd
    stm32f4xx_rcc.o(i.RCC_GetClocksFreq) refers to stm32f4xx_rcc.o(.data) for APBAHBPrescTable
    stm32f4xx_rcc.o(i.RCC_WaitForHSEStartUp) refers to stm32f4xx_rcc.o(i.RCC_GetFlagStatus) for RCC_GetFlagStatus
    stm32f4xx_flash.o(i.FLASH_EraseAllBank1Sectors) refers to stm32f4xx_flash.o(i.FLASH_WaitForLastOperation) for FLASH_WaitForLastOperation
    stm32f4xx_flash.o(i.FLASH_EraseAllBank2Sectors) refers to stm32f4xx_flash.o(i.FLASH_WaitForLastOperation) for FLASH_WaitForLastOperation
    stm32f4xx_flash.o(i.FLASH_EraseAllSectors) refers to stm32f4xx_flash.o(i.FLASH_WaitForLastOperation) for FLASH_WaitForLastOperation
    stm32f4xx_flash.o(i.FLASH_EraseSector) refers to stm32f4xx_flash.o(i.FLASH_WaitForLastOperation) for FLASH_WaitForLastOperation
    stm32f4xx_flash.o(i.FLASH_OB_Launch) refers to stm32f4xx_flash.o(i.FLASH_WaitForLastOperation) for FLASH_WaitForLastOperation
    stm32f4xx_flash.o(i.FLASH_OB_PCROP1Config) refers to stm32f4xx_flash.o(i.FLASH_WaitForLastOperation) for FLASH_WaitForLastOperation
    stm32f4xx_flash.o(i.FLASH_OB_PCROPConfig) refers to stm32f4xx_flash.o(i.FLASH_WaitForLastOperation) for FLASH_WaitForLastOperation
    stm32f4xx_flash.o(i.FLASH_OB_RDPConfig) refers to stm32f4xx_flash.o(i.FLASH_WaitForLastOperation) for FLASH_WaitForLastOperation
    stm32f4xx_flash.o(i.FLASH_OB_UserConfig) refers to stm32f4xx_flash.o(i.FLASH_WaitForLastOperation) for FLASH_WaitForLastOperation
    stm32f4xx_flash.o(i.FLASH_OB_WRP1Config) refers to stm32f4xx_flash.o(i.FLASH_WaitForLastOperation) for FLASH_WaitForLastOperation
    stm32f4xx_flash.o(i.FLASH_OB_WRPConfig) refers to stm32f4xx_flash.o(i.FLASH_WaitForLastOperation) for FLASH_WaitForLastOperation
    stm32f4xx_flash.o(i.FLASH_ProgramByte) refers to stm32f4xx_flash.o(i.FLASH_WaitForLastOperation) for FLASH_WaitForLastOperation
    stm32f4xx_flash.o(i.FLASH_ProgramDoubleWord) refers to stm32f4xx_flash.o(i.FLASH_WaitForLastOperation) for FLASH_WaitForLastOperation
    stm32f4xx_flash.o(i.FLASH_ProgramHalfWord) refers to stm32f4xx_flash.o(i.FLASH_WaitForLastOperation) for FLASH_WaitForLastOperation
    stm32f4xx_flash.o(i.FLASH_ProgramWord) refers to stm32f4xx_flash.o(i.FLASH_WaitForLastOperation) for FLASH_WaitForLastOperation
    stm32f4xx_flash.o(i.FLASH_WaitForLastOperation) refers to stm32f4xx_flash.o(i.FLASH_GetStatus) for FLASH_GetStatus
    system_stm32f4xx.o(i.SystemCoreClockUpdate) refers to system_stm32f4xx.o(.data) for SystemCoreClock
    system_stm32f4xx.o(i.SystemInit) refers to system_stm32f4xx.o(i.SetSysClock) for SetSysClock
    entry.o(.ARM.Collect$$$$00000000) refers (Special) to entry10a.o(.ARM.Collect$$$$0000000D) for __rt_final_cpp
    entry.o(.ARM.Collect$$$$00000000) refers (Special) to entry11a.o(.ARM.Collect$$$$0000000F) for __rt_final_exit
    entry.o(.ARM.Collect$$$$00000000) refers (Special) to entry7b.o(.ARM.Collect$$$$00000008) for _main_clock
    entry.o(.ARM.Collect$$$$00000000) refers (Special) to entry8b.o(.ARM.Collect$$$$0000000A) for _main_cpp_init
    entry.o(.ARM.Collect$$$$00000000) refers (Special) to entry9a.o(.ARM.Collect$$$$0000000B) for _main_init
    entry.o(.ARM.Collect$$$$00000000) refers (Special) to entry5.o(.ARM.Collect$$$$00000004) for _main_scatterload
    entry.o(.ARM.Collect$$$$00000000) refers (Special) to entry2.o(.ARM.Collect$$$$00000001) for _main_stk
    entry2.o(.ARM.Collect$$$$00000001) refers to entry2.o(.ARM.Collect$$$$00002712) for __lit__00000000
    entry2.o(.ARM.Collect$$$$00002712) refers to startup_stm32f40_41xxx.o(STACK) for __initial_sp
    entry2.o(__vectab_stack_and_reset_area) refers to startup_stm32f40_41xxx.o(STACK) for __initial_sp
    entry2.o(__vectab_stack_and_reset_area) refers to entry.o(.ARM.Collect$$$$00000000) for __main
    entry5.o(.ARM.Collect$$$$00000004) refers to init.o(.text) for __scatterload
    entry9a.o(.ARM.Collect$$$$0000000B) refers to main.o(i.main) for main
    entry9b.o(.ARM.Collect$$$$0000000C) refers to main.o(i.main) for main
    init.o(.text) refers to entry5.o(.ARM.Collect$$$$00000004) for __main_after_scatterload


==============================================================================

Removing Unused input sections from the image.

    Removing main.o(.rev16_text), (4 bytes).
    Removing main.o(.revsh_text), (4 bytes).
    Removing flash_if.o(.rev16_text), (4 bytes).
    Removing flash_if.o(.revsh_text), (4 bytes).
    Removing stm32f4xx_assert.o(.rev16_text), (4 bytes).
    Removing stm32f4xx_assert.o(.revsh_text), (4 bytes).
    Removing startup_stm32f40_41xxx.o(HEAP), (512 bytes).
    Removing misc.o(.rev16_text), (4 bytes).
    Removing misc.o(.revsh_text), (4 bytes).
    Removing misc.o(i.NVIC_Init), (120 bytes).
    Removing misc.o(i.NVIC_PriorityGroupConfig), (20 bytes).
    Removing misc.o(i.NVIC_SetVectorTable), (20 bytes).
    Removing misc.o(i.NVIC_SystemLPConfig), (32 bytes).
    Removing misc.o(i.SysTick_CLKSourceConfig), (40 bytes).
    Removing stm32f4xx_syscfg.o(.rev16_text), (4 bytes).
    Removing stm32f4xx_syscfg.o(.revsh_text), (4 bytes).
    Removing stm32f4xx_syscfg.o(i.SYSCFG_CompensationCellCmd), (12 bytes).
    Removing stm32f4xx_syscfg.o(i.SYSCFG_DeInit), (22 bytes).
    Removing stm32f4xx_syscfg.o(i.SYSCFG_ETH_MediaInterfaceConfig), (12 bytes).
    Removing stm32f4xx_syscfg.o(i.SYSCFG_EXTILineConfig), (64 bytes).
    Removing stm32f4xx_syscfg.o(i.SYSCFG_GetCompensationCellStatus), (24 bytes).
    Removing stm32f4xx_syscfg.o(i.SYSCFG_MemoryRemapConfig), (12 bytes).
    Removing stm32f4xx_syscfg.o(i.SYSCFG_MemorySwappingBank), (12 bytes).
    Removing stm32f4xx_rcc.o(.rev16_text), (4 bytes).
    Removing stm32f4xx_rcc.o(.revsh_text), (4 bytes).
    Removing stm32f4xx_rcc.o(i.RCC_AHB1PeriphClockLPModeCmd), (32 bytes).
    Removing stm32f4xx_rcc.o(i.RCC_AHB1PeriphResetCmd), (32 bytes).
    Removing stm32f4xx_rcc.o(i.RCC_AHB2PeriphClockCmd), (32 bytes).
    Removing stm32f4xx_rcc.o(i.RCC_AHB2PeriphClockLPModeCmd), (32 bytes).
    Removing stm32f4xx_rcc.o(i.RCC_AHB2PeriphResetCmd), (32 bytes).
    Removing stm32f4xx_rcc.o(i.RCC_AHB3PeriphClockCmd), (32 bytes).
    Removing stm32f4xx_rcc.o(i.RCC_AHB3PeriphClockLPModeCmd), (32 bytes).
    Removing stm32f4xx_rcc.o(i.RCC_AHB3PeriphResetCmd), (32 bytes).
    Removing stm32f4xx_rcc.o(i.RCC_APB1PeriphClockCmd), (32 bytes).
    Removing stm32f4xx_rcc.o(i.RCC_APB1PeriphClockLPModeCmd), (32 bytes).
    Removing stm32f4xx_rcc.o(i.RCC_APB1PeriphResetCmd), (32 bytes).
    Removing stm32f4xx_rcc.o(i.RCC_APB2PeriphClockCmd), (32 bytes).
    Removing stm32f4xx_rcc.o(i.RCC_APB2PeriphClockLPModeCmd), (32 bytes).
    Removing stm32f4xx_rcc.o(i.RCC_APB2PeriphResetCmd), (32 bytes).
    Removing stm32f4xx_rcc.o(i.RCC_AdjustHSICalibrationValue), (24 bytes).
    Removing stm32f4xx_rcc.o(i.RCC_BackupResetCmd), (12 bytes).
    Removing stm32f4xx_rcc.o(i.RCC_ClearFlag), (20 bytes).
    Removing stm32f4xx_rcc.o(i.RCC_ClearITPendingBit), (12 bytes).
    Removing stm32f4xx_rcc.o(i.RCC_ClockSecuritySystemCmd), (12 bytes).
    Removing stm32f4xx_rcc.o(i.RCC_DeInit), (100 bytes).
    Removing stm32f4xx_rcc.o(i.RCC_GetClocksFreq), (232 bytes).
    Removing stm32f4xx_rcc.o(i.RCC_GetFlagStatus), (64 bytes).
    Removing stm32f4xx_rcc.o(i.RCC_GetITStatus), (24 bytes).
    Removing stm32f4xx_rcc.o(i.RCC_GetSYSCLKSource), (16 bytes).
    Removing stm32f4xx_rcc.o(i.RCC_HCLKConfig), (24 bytes).
    Removing stm32f4xx_rcc.o(i.RCC_HSEConfig), (16 bytes).
    Removing stm32f4xx_rcc.o(i.RCC_HSICmd), (12 bytes).
    Removing stm32f4xx_rcc.o(i.RCC_I2SCLKConfig), (12 bytes).
    Removing stm32f4xx_rcc.o(i.RCC_ITConfig), (32 bytes).
    Removing stm32f4xx_rcc.o(i.RCC_LSEConfig), (44 bytes).
    Removing stm32f4xx_rcc.o(i.RCC_LSICmd), (12 bytes).
    Removing stm32f4xx_rcc.o(i.RCC_LTDCCLKDivConfig), (24 bytes).
    Removing stm32f4xx_rcc.o(i.RCC_MCO1Config), (28 bytes).
    Removing stm32f4xx_rcc.o(i.RCC_MCO2Config), (28 bytes).
    Removing stm32f4xx_rcc.o(i.RCC_PCLK1Config), (24 bytes).
    Removing stm32f4xx_rcc.o(i.RCC_PCLK2Config), (24 bytes).
    Removing stm32f4xx_rcc.o(i.RCC_PLLCmd), (12 bytes).
    Removing stm32f4xx_rcc.o(i.RCC_PLLConfig), (36 bytes).
    Removing stm32f4xx_rcc.o(i.RCC_PLLI2SCmd), (12 bytes).
    Removing stm32f4xx_rcc.o(i.RCC_PLLI2SConfig), (16 bytes).
    Removing stm32f4xx_rcc.o(i.RCC_PLLSAICmd), (12 bytes).
    Removing stm32f4xx_rcc.o(i.RCC_PLLSAIConfig), (24 bytes).
    Removing stm32f4xx_rcc.o(i.RCC_RTCCLKCmd), (12 bytes).
    Removing stm32f4xx_rcc.o(i.RCC_RTCCLKConfig), (60 bytes).
    Removing stm32f4xx_rcc.o(i.RCC_SAIBlockACLKConfig), (24 bytes).
    Removing stm32f4xx_rcc.o(i.RCC_SAIBlockBCLKConfig), (24 bytes).
    Removing stm32f4xx_rcc.o(i.RCC_SAIPLLI2SClkDivConfig), (28 bytes).
    Removing stm32f4xx_rcc.o(i.RCC_SAIPLLSAIClkDivConfig), (28 bytes).
    Removing stm32f4xx_rcc.o(i.RCC_SYSCLKConfig), (24 bytes).
    Removing stm32f4xx_rcc.o(i.RCC_TIMCLKPresConfig), (12 bytes).
    Removing stm32f4xx_rcc.o(i.RCC_WaitForHSEStartUp), (56 bytes).
    Removing stm32f4xx_rcc.o(.data), (16 bytes).
    Removing stm32f4xx_flash.o(.rev16_text), (4 bytes).
    Removing stm32f4xx_flash.o(.revsh_text), (4 bytes).
    Removing stm32f4xx_flash.o(i.FLASH_DataCacheCmd), (36 bytes).
    Removing stm32f4xx_flash.o(i.FLASH_DataCacheReset), (20 bytes).
    Removing stm32f4xx_flash.o(i.FLASH_EraseAllBank1Sectors), (108 bytes).
    Removing stm32f4xx_flash.o(i.FLASH_EraseAllBank2Sectors), (108 bytes).
    Removing stm32f4xx_flash.o(i.FLASH_EraseAllSectors), (108 bytes).
    Removing stm32f4xx_flash.o(i.FLASH_GetFlagStatus), (24 bytes).
    Removing stm32f4xx_flash.o(i.FLASH_ITConfig), (32 bytes).
    Removing stm32f4xx_flash.o(i.FLASH_InstructionCacheCmd), (36 bytes).
    Removing stm32f4xx_flash.o(i.FLASH_InstructionCacheReset), (20 bytes).
    Removing stm32f4xx_flash.o(i.FLASH_OB_BORConfig), (28 bytes).
    Removing stm32f4xx_flash.o(i.FLASH_OB_BootConfig), (28 bytes).
    Removing stm32f4xx_flash.o(i.FLASH_OB_GetBOR), (16 bytes).
    Removing stm32f4xx_flash.o(i.FLASH_OB_GetPCROP), (12 bytes).
    Removing stm32f4xx_flash.o(i.FLASH_OB_GetPCROP1), (12 bytes).
    Removing stm32f4xx_flash.o(i.FLASH_OB_GetRDP), (24 bytes).
    Removing stm32f4xx_flash.o(i.FLASH_OB_GetUser), (16 bytes).
    Removing stm32f4xx_flash.o(i.FLASH_OB_GetWRP), (12 bytes).
    Removing stm32f4xx_flash.o(i.FLASH_OB_GetWRP1), (12 bytes).
    Removing stm32f4xx_flash.o(i.FLASH_OB_PCROP1Config), (52 bytes).
    Removing stm32f4xx_flash.o(i.FLASH_OB_PCROPConfig), (52 bytes).
    Removing stm32f4xx_flash.o(i.FLASH_OB_PCROPSelectionConfig), (24 bytes).
    Removing stm32f4xx_flash.o(i.FLASH_OB_RDPConfig), (28 bytes).
    Removing stm32f4xx_flash.o(i.FLASH_OB_UserConfig), (48 bytes).
    Removing stm32f4xx_flash.o(i.FLASH_OB_WRP1Config), (52 bytes).
    Removing stm32f4xx_flash.o(i.FLASH_PrefetchBufferCmd), (36 bytes).
    Removing stm32f4xx_flash.o(i.FLASH_ProgramByte), (76 bytes).
    Removing stm32f4xx_flash.o(i.FLASH_ProgramDoubleWord), (84 bytes).
    Removing stm32f4xx_flash.o(i.FLASH_ProgramHalfWord), (80 bytes).
    Removing stm32f4xx_flash.o(i.FLASH_SetLatency), (12 bytes).
    Removing stm32f4xx_crc.o(.rev16_text), (4 bytes).
    Removing stm32f4xx_crc.o(.revsh_text), (4 bytes).
    Removing stm32f4xx_crc.o(i.CRC_CalcCRC), (16 bytes).
    Removing stm32f4xx_crc.o(i.CRC_GetCRC), (12 bytes).
    Removing stm32f4xx_crc.o(i.CRC_GetIDRegister), (12 bytes).
    Removing stm32f4xx_crc.o(i.CRC_SetIDRegister), (12 bytes).
    Removing system_stm32f4xx.o(.rev16_text), (4 bytes).
    Removing system_stm32f4xx.o(.revsh_text), (4 bytes).
    Removing system_stm32f4xx.o(i.SystemCoreClockUpdate), (192 bytes).
    Removing system_stm32f4xx.o(.data), (20 bytes).

118 unused section(s) (total 4074 bytes) removed from the image.

==============================================================================

Image Symbol Table

    Local Symbols

    Symbol Name                              Value     Ov Type        Size  Object(Section)

    ../clib/microlib/init/entry.s            0x00000000   Number         0  entry2.o ABSOLUTE
    ../clib/microlib/init/entry.s            0x00000000   Number         0  entry9a.o ABSOLUTE
    ../clib/microlib/init/entry.s            0x00000000   Number         0  entry5.o ABSOLUTE
    ../clib/microlib/init/entry.s            0x00000000   Number         0  entry8b.o ABSOLUTE
    ../clib/microlib/init/entry.s            0x00000000   Number         0  entry.o ABSOLUTE
    ../clib/microlib/init/entry.s            0x00000000   Number         0  entry8a.o ABSOLUTE
    ../clib/microlib/init/entry.s            0x00000000   Number         0  entry7b.o ABSOLUTE
    ../clib/microlib/init/entry.s            0x00000000   Number         0  entry7a.o ABSOLUTE
    ../clib/microlib/init/entry.s            0x00000000   Number         0  entry11b.o ABSOLUTE
    ../clib/microlib/init/entry.s            0x00000000   Number         0  entry9b.o ABSOLUTE
    ../clib/microlib/init/entry.s            0x00000000   Number         0  entry11a.o ABSOLUTE
    ../clib/microlib/init/entry.s            0x00000000   Number         0  entry10b.o ABSOLUTE
    ../clib/microlib/init/entry.s            0x00000000   Number         0  entry10a.o ABSOLUTE
    ../clib/microlib/string/memcmp.c         0x00000000   Number         0  memcmp.o ABSOLUTE
    ..\..\Libraries\CMSIS\Device\ST\STM32F4xx\Source\Templates\arm\startup_stm32f40_41xxx.s 0x00000000   Number         0  startup_stm32f40_41xxx.o ABSOLUTE
    ..\..\Libraries\STM32F4xx_StdPeriph_Driver\src\misc.c 0x00000000   Number         0  misc.o ABSOLUTE
    ..\..\Libraries\STM32F4xx_StdPeriph_Driver\src\stm32f4xx_crc.c 0x00000000   Number         0  stm32f4xx_crc.o ABSOLUTE
    ..\..\Libraries\STM32F4xx_StdPeriph_Driver\src\stm32f4xx_flash.c 0x00000000   Number         0  stm32f4xx_flash.o ABSOLUTE
    ..\..\Libraries\STM32F4xx_StdPeriph_Driver\src\stm32f4xx_rcc.c 0x00000000   Number         0  stm32f4xx_rcc.o ABSOLUTE
    ..\..\Libraries\STM32F4xx_StdPeriph_Driver\src\stm32f4xx_syscfg.c 0x00000000   Number         0  stm32f4xx_syscfg.o ABSOLUTE
    ..\..\User\bsp_stm32f4xx\stm32f4xx_assert.c 0x00000000   Number         0  stm32f4xx_assert.o ABSOLUTE
    ..\..\User\bsp_stm32f4xx\stm32f4xx_it.c  0x00000000   Number         0  stm32f4xx_it.o ABSOLUTE
    ..\..\User\bsp_stm32f4xx\system_stm32f4xx.c 0x00000000   Number         0  system_stm32f4xx.o ABSOLUTE
    ..\..\User\flash_if.c                    0x00000000   Number         0  flash_if.o ABSOLUTE
    ..\..\User\main.c                        0x00000000   Number         0  main.o ABSOLUTE
    ..\\..\\Libraries\\STM32F4xx_StdPeriph_Driver\\src\\misc.c 0x00000000   Number         0  misc.o ABSOLUTE
    ..\\..\\Libraries\\STM32F4xx_StdPeriph_Driver\\src\\stm32f4xx_crc.c 0x00000000   Number         0  stm32f4xx_crc.o ABSOLUTE
    ..\\..\\Libraries\\STM32F4xx_StdPeriph_Driver\\src\\stm32f4xx_flash.c 0x00000000   Number         0  stm32f4xx_flash.o ABSOLUTE
    ..\\..\\Libraries\\STM32F4xx_StdPeriph_Driver\\src\\stm32f4xx_rcc.c 0x00000000   Number         0  stm32f4xx_rcc.o ABSOLUTE
    ..\\..\\Libraries\\STM32F4xx_StdPeriph_Driver\\src\\stm32f4xx_syscfg.c 0x00000000   Number         0  stm32f4xx_syscfg.o ABSOLUTE
    ..\\..\\User\\bsp_stm32f4xx\\stm32f4xx_assert.c 0x00000000   Number         0  stm32f4xx_assert.o ABSOLUTE
    ..\\..\\User\\bsp_stm32f4xx\\system_stm32f4xx.c 0x00000000   Number         0  system_stm32f4xx.o ABSOLUTE
    ..\\..\\User\\flash_if.c                 0x00000000   Number         0  flash_if.o ABSOLUTE
    ..\\..\\User\\main.c                     0x00000000   Number         0  main.o ABSOLUTE
    dc.s                                     0x00000000   Number         0  dc.o ABSOLUTE
    handlers.s                               0x00000000   Number         0  handlers.o ABSOLUTE
    init.s                                   0x00000000   Number         0  init.o ABSOLUTE
    RESET                                    0x08000000   Section      392  startup_stm32f40_41xxx.o(RESET)
    .ARM.Collect$$$$00000000                 0x08000188   Section        0  entry.o(.ARM.Collect$$$$00000000)
    .ARM.Collect$$$$00000001                 0x08000188   Section        4  entry2.o(.ARM.Collect$$$$00000001)
    .ARM.Collect$$$$00000004                 0x0800018c   Section        4  entry5.o(.ARM.Collect$$$$00000004)
    .ARM.Collect$$$$00000008                 0x08000190   Section        0  entry7b.o(.ARM.Collect$$$$00000008)
    .ARM.Collect$$$$0000000A                 0x08000190   Section        0  entry8b.o(.ARM.Collect$$$$0000000A)
    .ARM.Collect$$$$0000000B                 0x08000190   Section        8  entry9a.o(.ARM.Collect$$$$0000000B)
    .ARM.Collect$$$$0000000D                 0x08000198   Section        0  entry10a.o(.ARM.Collect$$$$0000000D)
    .ARM.Collect$$$$0000000F                 0x08000198   Section        0  entry11a.o(.ARM.Collect$$$$0000000F)
    .ARM.Collect$$$$00002712                 0x08000198   Section        4  entry2.o(.ARM.Collect$$$$00002712)
    __lit__00000000                          0x08000198   Data           4  entry2.o(.ARM.Collect$$$$00002712)
    .text                                    0x0800019c   Section       52  startup_stm32f40_41xxx.o(.text)
    $v0                                      0x0800019c   Number         0  startup_stm32f40_41xxx.o(.text)
    HardFault_Handler                        0x080001a7   Thumb Code    18  startup_stm32f40_41xxx.o(.text)
    .text                                    0x080001d0   Section        0  memcmp.o(.text)
    .text                                    0x080001ec   Section       36  init.o(.text)
    i.BusFault_Handler                       0x08000210   Section        0  stm32f4xx_it.o(i.BusFault_Handler)
    i.CRC_CalcBlockCRC                       0x08000214   Section        0  stm32f4xx_crc.o(i.CRC_CalcBlockCRC)
    i.CRC_ResetDR                            0x08000238   Section        0  stm32f4xx_crc.o(i.CRC_ResetDR)
    i.DebugMon_Handler                       0x08000244   Section        0  stm32f4xx_it.o(i.DebugMon_Handler)
    i.FLASH_Check_CRC                        0x08000248   Section        0  flash_if.o(i.FLASH_Check_CRC)
    i.FLASH_ClearFlag                        0x080002a0   Section        0  stm32f4xx_flash.o(i.FLASH_ClearFlag)
    i.FLASH_EraseSector                      0x080002ac   Section        0  stm32f4xx_flash.o(i.FLASH_EraseSector)
    i.FLASH_GetStatus                        0x08000334   Section        0  stm32f4xx_flash.o(i.FLASH_GetStatus)
    i.FLASH_If_ConfigWriteProtection         0x08000388   Section        0  flash_if.o(i.FLASH_If_ConfigWriteProtection)
    i.FLASH_If_Erase                         0x080003e0   Section        0  flash_if.o(i.FLASH_If_Erase)
    i.FLASH_If_Init                          0x08000464   Section        0  flash_if.o(i.FLASH_If_Init)
    i.FLASH_If_New_App                       0x08000470   Section        0  flash_if.o(i.FLASH_If_New_App)
    i.FLASH_If_Write                         0x08000490   Section        0  flash_if.o(i.FLASH_If_Write)
    i.FLASH_Lock                             0x080004d0   Section        0  stm32f4xx_flash.o(i.FLASH_Lock)
    i.FLASH_OB_Launch                        0x080004e4   Section        0  stm32f4xx_flash.o(i.FLASH_OB_Launch)
    i.FLASH_OB_Lock                          0x08000504   Section        0  stm32f4xx_flash.o(i.FLASH_OB_Lock)
    i.FLASH_OB_Unlock                        0x08000518   Section        0  stm32f4xx_flash.o(i.FLASH_OB_Unlock)
    i.FLASH_OB_WRPConfig                     0x0800053c   Section        0  stm32f4xx_flash.o(i.FLASH_OB_WRPConfig)
    i.FLASH_ProgramWord                      0x08000570   Section        0  stm32f4xx_flash.o(i.FLASH_ProgramWord)
    i.FLASH_Unlock                           0x080005c0   Section        0  stm32f4xx_flash.o(i.FLASH_Unlock)
    i.FLASH_WaitForLastOperation             0x080005e4   Section        0  stm32f4xx_flash.o(i.FLASH_WaitForLastOperation)
    i.GetSector                              0x08000608   Section        0  flash_if.o(i.GetSector)
    GetSector                                0x08000609   Thumb Code   182  flash_if.o(i.GetSector)
    i.MemManage_Handler                      0x080006ec   Section        0  stm32f4xx_it.o(i.MemManage_Handler)
    i.NMI_Handler                            0x080006f0   Section        0  stm32f4xx_it.o(i.NMI_Handler)
    i.PendSV_Handler                         0x080006f2   Section        0  stm32f4xx_it.o(i.PendSV_Handler)
    i.RCC_AHB1PeriphClockCmd                 0x080006f4   Section        0  stm32f4xx_rcc.o(i.RCC_AHB1PeriphClockCmd)
    i.SVC_Handler                            0x08000714   Section        0  stm32f4xx_it.o(i.SVC_Handler)
    i.SetSysClock                            0x08000718   Section        0  system_stm32f4xx.o(i.SetSysClock)
    SetSysClock                              0x08000719   Thumb Code   220  system_stm32f4xx.o(i.SetSysClock)
    i.SystemInit                             0x08000804   Section        0  system_stm32f4xx.o(i.SystemInit)
    i.UsageFault_Handler                     0x0800086c   Section        0  stm32f4xx_it.o(i.UsageFault_Handler)
    i.__scatterload_copy                     0x08000870   Section       14  handlers.o(i.__scatterload_copy)
    i.__scatterload_null                     0x0800087e   Section        2  handlers.o(i.__scatterload_null)
    i.__scatterload_zeroinit                 0x08000880   Section       14  handlers.o(i.__scatterload_zeroinit)
    i.hard_fault                             0x08000890   Section        0  stm32f4xx_it.o(i.hard_fault)
    i.main                                   0x08000958   Section        0  main.o(i.main)
    .constdata                               0x08000c58   Section       16  flash_if.o(.constdata)
    .data                                    0x20000000   Section       12  main.o(.data)
    .data                                    0x2000000c   Section       56  stm32f4xx_it.o(.data)
    stacked_r0                               0x2000000c   Data           4  stm32f4xx_it.o(.data)
    stacked_r1                               0x20000010   Data           4  stm32f4xx_it.o(.data)
    stacked_r2                               0x20000014   Data           4  stm32f4xx_it.o(.data)
    stacked_r3                               0x20000018   Data           4  stm32f4xx_it.o(.data)
    stacked_r12                              0x2000001c   Data           4  stm32f4xx_it.o(.data)
    stacked_lr                               0x20000020   Data           4  stm32f4xx_it.o(.data)
    stacked_pc                               0x20000024   Data           4  stm32f4xx_it.o(.data)
    stacked_psr                              0x20000028   Data           4  stm32f4xx_it.o(.data)
    SHCSR                                    0x2000002c   Data           4  stm32f4xx_it.o(.data)
    MFSR                                     0x20000030   Data           1  stm32f4xx_it.o(.data)
    BFSR                                     0x20000031   Data           1  stm32f4xx_it.o(.data)
    UFSR                                     0x20000032   Data           2  stm32f4xx_it.o(.data)
    HFSR                                     0x20000034   Data           4  stm32f4xx_it.o(.data)
    DFSR                                     0x20000038   Data           4  stm32f4xx_it.o(.data)
    MMAR                                     0x2000003c   Data           4  stm32f4xx_it.o(.data)
    BFAR                                     0x20000040   Data           4  stm32f4xx_it.o(.data)
    STACK                                    0x20000048   Section    16384  startup_stm32f40_41xxx.o(STACK)

    Global Symbols

    Symbol Name                              Value     Ov Type        Size  Object(Section)

    BuildAttributes$$THM_ISAv4$E$P$D$K$B$S$7EM$VFPi3$EXTD16$VFPS$VFMA$PE$A:L22UL41UL21$X:L11$S22US41US21$IEEE1$IW$USESV6$~STKCKD$USESV7$~SHL$OSPACE$EBA8$MICROLIB$REQ8$PRES8$EABIv2 0x00000000   Number         0  anon$$obj.o ABSOLUTE
    __ARM_use_no_argv                        0x00000000   Number         0  main.o ABSOLUTE
    __cpp_initialize__aeabi_                  - Undefined Weak Reference
    __cxa_finalize                            - Undefined Weak Reference
    __decompress                              - Undefined Weak Reference
    _clock_init                               - Undefined Weak Reference
    _microlib_exit                            - Undefined Weak Reference
    __Vectors_Size                           0x00000188   Number         0  startup_stm32f40_41xxx.o ABSOLUTE
    __Vectors                                0x08000000   Data           4  startup_stm32f40_41xxx.o(RESET)
    __Vectors_End                            0x08000188   Data           0  startup_stm32f40_41xxx.o(RESET)
    __main                                   0x08000189   Thumb Code     0  entry.o(.ARM.Collect$$$$00000000)
    _main_stk                                0x08000189   Thumb Code     0  entry2.o(.ARM.Collect$$$$00000001)
    _main_scatterload                        0x0800018d   Thumb Code     0  entry5.o(.ARM.Collect$$$$00000004)
    __main_after_scatterload                 0x08000191   Thumb Code     0  entry5.o(.ARM.Collect$$$$00000004)
    _main_clock                              0x08000191   Thumb Code     0  entry7b.o(.ARM.Collect$$$$00000008)
    _main_cpp_init                           0x08000191   Thumb Code     0  entry8b.o(.ARM.Collect$$$$0000000A)
    _main_init                               0x08000191   Thumb Code     0  entry9a.o(.ARM.Collect$$$$0000000B)
    __rt_final_cpp                           0x08000199   Thumb Code     0  entry10a.o(.ARM.Collect$$$$0000000D)
    __rt_final_exit                          0x08000199   Thumb Code     0  entry11a.o(.ARM.Collect$$$$0000000F)
    Reset_Handler                            0x0800019d   Thumb Code     8  startup_stm32f40_41xxx.o(.text)
    SysTick_Handler                          0x080001c5   Thumb Code     2  startup_stm32f40_41xxx.o(.text)
    ADC_IRQHandler                           0x080001c7   Thumb Code     0  startup_stm32f40_41xxx.o(.text)
    CAN1_RX0_IRQHandler                      0x080001c7   Thumb Code     0  startup_stm32f40_41xxx.o(.text)
    CAN1_RX1_IRQHandler                      0x080001c7   Thumb Code     0  startup_stm32f40_41xxx.o(.text)
    CAN1_SCE_IRQHandler                      0x080001c7   Thumb Code     0  startup_stm32f40_41xxx.o(.text)
    CAN1_TX_IRQHandler                       0x080001c7   Thumb Code     0  startup_stm32f40_41xxx.o(.text)
    CAN2_RX0_IRQHandler                      0x080001c7   Thumb Code     0  startup_stm32f40_41xxx.o(.text)
    CAN2_RX1_IRQHandler                      0x080001c7   Thumb Code     0  startup_stm32f40_41xxx.o(.text)
    CAN2_SCE_IRQHandler                      0x080001c7   Thumb Code     0  startup_stm32f40_41xxx.o(.text)
    CAN2_TX_IRQHandler                       0x080001c7   Thumb Code     0  startup_stm32f40_41xxx.o(.text)
    CRYP_IRQHandler                          0x080001c7   Thumb Code     0  startup_stm32f40_41xxx.o(.text)
    DCMI_IRQHandler                          0x080001c7   Thumb Code     0  startup_stm32f40_41xxx.o(.text)
    DMA1_Stream0_IRQHandler                  0x080001c7   Thumb Code     0  startup_stm32f40_41xxx.o(.text)
    DMA1_Stream1_IRQHandler                  0x080001c7   Thumb Code     0  startup_stm32f40_41xxx.o(.text)
    DMA1_Stream2_IRQHandler                  0x080001c7   Thumb Code     0  startup_stm32f40_41xxx.o(.text)
    DMA1_Stream3_IRQHandler                  0x080001c7   Thumb Code     0  startup_stm32f40_41xxx.o(.text)
    DMA1_Stream4_IRQHandler                  0x080001c7   Thumb Code     0  startup_stm32f40_41xxx.o(.text)
    DMA1_Stream5_IRQHandler                  0x080001c7   Thumb Code     0  startup_stm32f40_41xxx.o(.text)
    DMA1_Stream6_IRQHandler                  0x080001c7   Thumb Code     0  startup_stm32f40_41xxx.o(.text)
    DMA1_Stream7_IRQHandler                  0x080001c7   Thumb Code     0  startup_stm32f40_41xxx.o(.text)
    DMA2_Stream0_IRQHandler                  0x080001c7   Thumb Code     0  startup_stm32f40_41xxx.o(.text)
    DMA2_Stream1_IRQHandler                  0x080001c7   Thumb Code     0  startup_stm32f40_41xxx.o(.text)
    DMA2_Stream2_IRQHandler                  0x080001c7   Thumb Code     0  startup_stm32f40_41xxx.o(.text)
    DMA2_Stream3_IRQHandler                  0x080001c7   Thumb Code     0  startup_stm32f40_41xxx.o(.text)
    DMA2_Stream4_IRQHandler                  0x080001c7   Thumb Code     0  startup_stm32f40_41xxx.o(.text)
    DMA2_Stream5_IRQHandler                  0x080001c7   Thumb Code     0  startup_stm32f40_41xxx.o(.text)
    DMA2_Stream6_IRQHandler                  0x080001c7   Thumb Code     0  startup_stm32f40_41xxx.o(.text)
    DMA2_Stream7_IRQHandler                  0x080001c7   Thumb Code     0  startup_stm32f40_41xxx.o(.text)
    ETH_IRQHandler                           0x080001c7   Thumb Code     0  startup_stm32f40_41xxx.o(.text)
    ETH_WKUP_IRQHandler                      0x080001c7   Thumb Code     0  startup_stm32f40_41xxx.o(.text)
    EXTI0_IRQHandler                         0x080001c7   Thumb Code     0  startup_stm32f40_41xxx.o(.text)
    EXTI15_10_IRQHandler                     0x080001c7   Thumb Code     0  startup_stm32f40_41xxx.o(.text)
    EXTI1_IRQHandler                         0x080001c7   Thumb Code     0  startup_stm32f40_41xxx.o(.text)
    EXTI2_IRQHandler                         0x080001c7   Thumb Code     0  startup_stm32f40_41xxx.o(.text)
    EXTI3_IRQHandler                         0x080001c7   Thumb Code     0  startup_stm32f40_41xxx.o(.text)
    EXTI4_IRQHandler                         0x080001c7   Thumb Code     0  startup_stm32f40_41xxx.o(.text)
    EXTI9_5_IRQHandler                       0x080001c7   Thumb Code     0  startup_stm32f40_41xxx.o(.text)
    FLASH_IRQHandler                         0x080001c7   Thumb Code     0  startup_stm32f40_41xxx.o(.text)
    FPU_IRQHandler                           0x080001c7   Thumb Code     0  startup_stm32f40_41xxx.o(.text)
    FSMC_IRQHandler                          0x080001c7   Thumb Code     0  startup_stm32f40_41xxx.o(.text)
    HASH_RNG_IRQHandler                      0x080001c7   Thumb Code     0  startup_stm32f40_41xxx.o(.text)
    I2C1_ER_IRQHandler                       0x080001c7   Thumb Code     0  startup_stm32f40_41xxx.o(.text)
    I2C1_EV_IRQHandler                       0x080001c7   Thumb Code     0  startup_stm32f40_41xxx.o(.text)
    I2C2_ER_IRQHandler                       0x080001c7   Thumb Code     0  startup_stm32f40_41xxx.o(.text)
    I2C2_EV_IRQHandler                       0x080001c7   Thumb Code     0  startup_stm32f40_41xxx.o(.text)
    I2C3_ER_IRQHandler                       0x080001c7   Thumb Code     0  startup_stm32f40_41xxx.o(.text)
    I2C3_EV_IRQHandler                       0x080001c7   Thumb Code     0  startup_stm32f40_41xxx.o(.text)
    OTG_FS_IRQHandler                        0x080001c7   Thumb Code     0  startup_stm32f40_41xxx.o(.text)
    OTG_FS_WKUP_IRQHandler                   0x080001c7   Thumb Code     0  startup_stm32f40_41xxx.o(.text)
    OTG_HS_EP1_IN_IRQHandler                 0x080001c7   Thumb Code     0  startup_stm32f40_41xxx.o(.text)
    OTG_HS_EP1_OUT_IRQHandler                0x080001c7   Thumb Code     0  startup_stm32f40_41xxx.o(.text)
    OTG_HS_IRQHandler                        0x080001c7   Thumb Code     0  startup_stm32f40_41xxx.o(.text)
    OTG_HS_WKUP_IRQHandler                   0x080001c7   Thumb Code     0  startup_stm32f40_41xxx.o(.text)
    PVD_IRQHandler                           0x080001c7   Thumb Code     0  startup_stm32f40_41xxx.o(.text)
    RCC_IRQHandler                           0x080001c7   Thumb Code     0  startup_stm32f40_41xxx.o(.text)
    RTC_Alarm_IRQHandler                     0x080001c7   Thumb Code     0  startup_stm32f40_41xxx.o(.text)
    RTC_WKUP_IRQHandler                      0x080001c7   Thumb Code     0  startup_stm32f40_41xxx.o(.text)
    SDIO_IRQHandler                          0x080001c7   Thumb Code     0  startup_stm32f40_41xxx.o(.text)
    SPI1_IRQHandler                          0x080001c7   Thumb Code     0  startup_stm32f40_41xxx.o(.text)
    SPI2_IRQHandler                          0x080001c7   Thumb Code     0  startup_stm32f40_41xxx.o(.text)
    SPI3_IRQHandler                          0x080001c7   Thumb Code     0  startup_stm32f40_41xxx.o(.text)
    TAMP_STAMP_IRQHandler                    0x080001c7   Thumb Code     0  startup_stm32f40_41xxx.o(.text)
    TIM1_BRK_TIM9_IRQHandler                 0x080001c7   Thumb Code     0  startup_stm32f40_41xxx.o(.text)
    TIM1_CC_IRQHandler                       0x080001c7   Thumb Code     0  startup_stm32f40_41xxx.o(.text)
    TIM1_TRG_COM_TIM11_IRQHandler            0x080001c7   Thumb Code     0  startup_stm32f40_41xxx.o(.text)
    TIM1_UP_TIM10_IRQHandler                 0x080001c7   Thumb Code     0  startup_stm32f40_41xxx.o(.text)
    TIM2_IRQHandler                          0x080001c7   Thumb Code     0  startup_stm32f40_41xxx.o(.text)
    TIM3_IRQHandler                          0x080001c7   Thumb Code     0  startup_stm32f40_41xxx.o(.text)
    TIM4_IRQHandler                          0x080001c7   Thumb Code     0  startup_stm32f40_41xxx.o(.text)
    TIM5_IRQHandler                          0x080001c7   Thumb Code     0  startup_stm32f40_41xxx.o(.text)
    TIM6_DAC_IRQHandler                      0x080001c7   Thumb Code     0  startup_stm32f40_41xxx.o(.text)
    TIM7_IRQHandler                          0x080001c7   Thumb Code     0  startup_stm32f40_41xxx.o(.text)
    TIM8_BRK_TIM12_IRQHandler                0x080001c7   Thumb Code     0  startup_stm32f40_41xxx.o(.text)
    TIM8_CC_IRQHandler                       0x080001c7   Thumb Code     0  startup_stm32f40_41xxx.o(.text)
    TIM8_TRG_COM_TIM14_IRQHandler            0x080001c7   Thumb Code     0  startup_stm32f40_41xxx.o(.text)
    TIM8_UP_TIM13_IRQHandler                 0x080001c7   Thumb Code     0  startup_stm32f40_41xxx.o(.text)
    UART4_IRQHandler                         0x080001c7   Thumb Code     0  startup_stm32f40_41xxx.o(.text)
    UART5_IRQHandler                         0x080001c7   Thumb Code     0  startup_stm32f40_41xxx.o(.text)
    USART1_IRQHandler                        0x080001c7   Thumb Code     0  startup_stm32f40_41xxx.o(.text)
    USART2_IRQHandler                        0x080001c7   Thumb Code     0  startup_stm32f40_41xxx.o(.text)
    USART3_IRQHandler                        0x080001c7   Thumb Code     0  startup_stm32f40_41xxx.o(.text)
    USART6_IRQHandler                        0x080001c7   Thumb Code     0  startup_stm32f40_41xxx.o(.text)
    WWDG_IRQHandler                          0x080001c7   Thumb Code     0  startup_stm32f40_41xxx.o(.text)
    memcmp                                   0x080001d1   Thumb Code    26  memcmp.o(.text)
    __scatterload                            0x080001ed   Thumb Code    28  init.o(.text)
    __scatterload_rt2                        0x080001ed   Thumb Code     0  init.o(.text)
    BusFault_Handler                         0x08000211   Thumb Code     4  stm32f4xx_it.o(i.BusFault_Handler)
    CRC_CalcBlockCRC                         0x08000215   Thumb Code    32  stm32f4xx_crc.o(i.CRC_CalcBlockCRC)
    CRC_ResetDR                              0x08000239   Thumb Code     8  stm32f4xx_crc.o(i.CRC_ResetDR)
    DebugMon_Handler                         0x08000245   Thumb Code     2  stm32f4xx_it.o(i.DebugMon_Handler)
    FLASH_Check_CRC                          0x08000249   Thumb Code    70  flash_if.o(i.FLASH_Check_CRC)
    FLASH_ClearFlag                          0x080002a1   Thumb Code     6  stm32f4xx_flash.o(i.FLASH_ClearFlag)
    FLASH_EraseSector                        0x080002ad   Thumb Code   130  stm32f4xx_flash.o(i.FLASH_EraseSector)
    FLASH_GetStatus                          0x08000335   Thumb Code    80  stm32f4xx_flash.o(i.FLASH_GetStatus)
    FLASH_If_ConfigWriteProtection           0x08000389   Thumb Code    86  flash_if.o(i.FLASH_If_ConfigWriteProtection)
    FLASH_If_Erase                           0x080003e1   Thumb Code   118  flash_if.o(i.FLASH_If_Erase)
    FLASH_If_Init                            0x08000465   Thumb Code    10  flash_if.o(i.FLASH_If_Init)
    FLASH_If_New_App                         0x08000471   Thumb Code    22  flash_if.o(i.FLASH_If_New_App)
    FLASH_If_Write                           0x08000491   Thumb Code    62  flash_if.o(i.FLASH_If_Write)
    FLASH_Lock                               0x080004d1   Thumb Code    14  stm32f4xx_flash.o(i.FLASH_Lock)
    FLASH_OB_Launch                          0x080004e5   Thumb Code    26  stm32f4xx_flash.o(i.FLASH_OB_Launch)
    FLASH_OB_Lock                            0x08000505   Thumb Code    14  stm32f4xx_flash.o(i.FLASH_OB_Lock)
    FLASH_OB_Unlock                          0x08000519   Thumb Code    24  stm32f4xx_flash.o(i.FLASH_OB_Unlock)
    FLASH_OB_WRPConfig                       0x0800053d   Thumb Code    46  stm32f4xx_flash.o(i.FLASH_OB_WRPConfig)
    FLASH_ProgramWord                        0x08000571   Thumb Code    74  stm32f4xx_flash.o(i.FLASH_ProgramWord)
    FLASH_Unlock                             0x080005c1   Thumb Code    24  stm32f4xx_flash.o(i.FLASH_Unlock)
    FLASH_WaitForLastOperation               0x080005e5   Thumb Code    34  stm32f4xx_flash.o(i.FLASH_WaitForLastOperation)
    MemManage_Handler                        0x080006ed   Thumb Code     4  stm32f4xx_it.o(i.MemManage_Handler)
    NMI_Handler                              0x080006f1   Thumb Code     2  stm32f4xx_it.o(i.NMI_Handler)
    PendSV_Handler                           0x080006f3   Thumb Code     2  stm32f4xx_it.o(i.PendSV_Handler)
    RCC_AHB1PeriphClockCmd                   0x080006f5   Thumb Code    26  stm32f4xx_rcc.o(i.RCC_AHB1PeriphClockCmd)
    SVC_Handler                              0x08000715   Thumb Code     2  stm32f4xx_it.o(i.SVC_Handler)
    SystemInit                               0x08000805   Thumb Code    88  system_stm32f4xx.o(i.SystemInit)
    UsageFault_Handler                       0x0800086d   Thumb Code     4  stm32f4xx_it.o(i.UsageFault_Handler)
    __scatterload_copy                       0x08000871   Thumb Code    14  handlers.o(i.__scatterload_copy)
    __scatterload_null                       0x0800087f   Thumb Code     2  handlers.o(i.__scatterload_null)
    __scatterload_zeroinit                   0x08000881   Thumb Code    14  handlers.o(i.__scatterload_zeroinit)
    hard_fault                               0x08000891   Thumb Code   130  stm32f4xx_it.o(i.hard_fault)
    main                                     0x08000959   Thumb Code   756  main.o(i.main)
    RANDOM_BOOTLOADER_NEW                    0x08000c58   Data          16  flash_if.o(.constdata)
    Region$$Table$$Base                      0x08000c68   Number         0  anon$$obj.o(Region$$Table)
    Region$$Table$$Limit                     0x08000c88   Number         0  anon$$obj.o(Region$$Table)
    Jump_To_Application                      0x20000000   Data           4  main.o(.data)
    JumpAddress                              0x20000004   Data           4  main.o(.data)
    Err_Flag                                 0x20000008   Data           4  main.o(.data)
    __initial_sp                             0x20004048   Data           0  startup_stm32f40_41xxx.o(STACK)



==============================================================================

Memory Map of the image

  Image Entry point : 0x08000189

  Load Region LR_IROM1 (Base: 0x08000000, Size: 0x00000ccc, Max: 0x00100000, ABSOLUTE)

    Execution Region ER_IROM1 (Base: 0x08000000, Size: 0x00000c88, Max: 0x00100000, ABSOLUTE)

    Base Addr    Size         Type   Attr      Idx    E Section Name        Object

    0x08000000   0x00000188   Data   RO          272    RESET               startup_stm32f40_41xxx.o
    0x08000188   0x00000000   Code   RO         1046  * .ARM.Collect$$$$00000000  mc_w.l(entry.o)
    0x08000188   0x00000004   Code   RO         1051    .ARM.Collect$$$$00000001  mc_w.l(entry2.o)
    0x0800018c   0x00000004   Code   RO         1054    .ARM.Collect$$$$00000004  mc_w.l(entry5.o)
    0x08000190   0x00000000   Code   RO         1056    .ARM.Collect$$$$00000008  mc_w.l(entry7b.o)
    0x08000190   0x00000000   Code   RO         1058    .ARM.Collect$$$$0000000A  mc_w.l(entry8b.o)
    0x08000190   0x00000008   Code   RO         1059    .ARM.Collect$$$$0000000B  mc_w.l(entry9a.o)
    0x08000198   0x00000000   Code   RO         1061    .ARM.Collect$$$$0000000D  mc_w.l(entry10a.o)
    0x08000198   0x00000000   Code   RO         1063    .ARM.Collect$$$$0000000F  mc_w.l(entry11a.o)
    0x08000198   0x00000004   Code   RO         1052    .ARM.Collect$$$$00002712  mc_w.l(entry2.o)
    0x0800019c   0x00000034   Code   RO          273    .text               startup_stm32f40_41xxx.o
    0x080001d0   0x0000001a   Code   RO         1049    .text               mc_w.l(memcmp.o)
    0x080001ea   0x00000002   PAD
    0x080001ec   0x00000024   Code   RO         1065    .text               mc_w.l(init.o)
    0x08000210   0x00000004   Code   RO          199    i.BusFault_Handler  stm32f4xx_it.o
    0x08000214   0x00000024   Code   RO          961    i.CRC_CalcBlockCRC  stm32f4xx_crc.o
    0x08000238   0x0000000c   Code   RO          965    i.CRC_ResetDR       stm32f4xx_crc.o
    0x08000244   0x00000002   Code   RO          200    i.DebugMon_Handler  stm32f4xx_it.o
    0x08000246   0x00000002   PAD
    0x08000248   0x00000058   Code   RO          137    i.FLASH_Check_CRC   flash_if.o
    0x080002a0   0x0000000c   Code   RO          707    i.FLASH_ClearFlag   stm32f4xx_flash.o
    0x080002ac   0x00000088   Code   RO          713    i.FLASH_EraseSector  stm32f4xx_flash.o
    0x08000334   0x00000054   Code   RO          715    i.FLASH_GetStatus   stm32f4xx_flash.o
    0x08000388   0x00000056   Code   RO          138    i.FLASH_If_ConfigWriteProtection  flash_if.o
    0x080003de   0x00000002   PAD
    0x080003e0   0x00000084   Code   RO          139    i.FLASH_If_Erase    flash_if.o
    0x08000464   0x0000000a   Code   RO          140    i.FLASH_If_Init     flash_if.o
    0x0800046e   0x00000002   PAD
    0x08000470   0x00000020   Code   RO          141    i.FLASH_If_New_App  flash_if.o
    0x08000490   0x0000003e   Code   RO          142    i.FLASH_If_Write    flash_if.o
    0x080004ce   0x00000002   PAD
    0x080004d0   0x00000014   Code   RO          719    i.FLASH_Lock        stm32f4xx_flash.o
    0x080004e4   0x00000020   Code   RO          729    i.FLASH_OB_Launch   stm32f4xx_flash.o
    0x08000504   0x00000014   Code   RO          730    i.FLASH_OB_Lock     stm32f4xx_flash.o
    0x08000518   0x00000024   Code   RO          735    i.FLASH_OB_Unlock   stm32f4xx_flash.o
    0x0800053c   0x00000034   Code   RO          738    i.FLASH_OB_WRPConfig  stm32f4xx_flash.o
    0x08000570   0x00000050   Code   RO          743    i.FLASH_ProgramWord  stm32f4xx_flash.o
    0x080005c0   0x00000024   Code   RO          745    i.FLASH_Unlock      stm32f4xx_flash.o
    0x080005e4   0x00000022   Code   RO          746    i.FLASH_WaitForLastOperation  stm32f4xx_flash.o
    0x08000606   0x00000002   PAD
    0x08000608   0x000000e4   Code   RO          143    i.GetSector         flash_if.o
    0x080006ec   0x00000004   Code   RO          201    i.MemManage_Handler  stm32f4xx_it.o
    0x080006f0   0x00000002   Code   RO          202    i.NMI_Handler       stm32f4xx_it.o
    0x080006f2   0x00000002   Code   RO          203    i.PendSV_Handler    stm32f4xx_it.o
    0x080006f4   0x00000020   Code   RO          379    i.RCC_AHB1PeriphClockCmd  stm32f4xx_rcc.o
    0x08000714   0x00000002   Code   RO          204    i.SVC_Handler       stm32f4xx_it.o
    0x08000716   0x00000002   PAD
    0x08000718   0x000000ec   Code   RO         1011    i.SetSysClock       system_stm32f4xx.o
    0x08000804   0x00000068   Code   RO         1013    i.SystemInit        system_stm32f4xx.o
    0x0800086c   0x00000004   Code   RO          205    i.UsageFault_Handler  stm32f4xx_it.o
    0x08000870   0x0000000e   Code   RO         1069    i.__scatterload_copy  mc_w.l(handlers.o)
    0x0800087e   0x00000002   Code   RO         1070    i.__scatterload_null  mc_w.l(handlers.o)
    0x08000880   0x0000000e   Code   RO         1071    i.__scatterload_zeroinit  mc_w.l(handlers.o)
    0x0800088e   0x00000002   PAD
    0x08000890   0x000000c8   Code   RO          206    i.hard_fault        stm32f4xx_it.o
    0x08000958   0x00000300   Code   RO            3    i.main              main.o
    0x08000c58   0x00000010   Data   RO          144    .constdata          flash_if.o
    0x08000c68   0x00000020   Data   RO         1067    Region$$Table       anon$$obj.o


    Execution Region RW_IRAM1 (Base: 0x20000000, Size: 0x00004048, Max: 0x00020000, ABSOLUTE)

    Base Addr    Size         Type   Attr      Idx    E Section Name        Object

    0x20000000   0x0000000c   Data   RW            4    .data               main.o
    0x2000000c   0x00000038   Data   RW          207    .data               stm32f4xx_it.o
    0x20000044   0x00000004   PAD
    0x20000048   0x00004000   Zero   RW          270    STACK               startup_stm32f40_41xxx.o


==============================================================================

Image component sizes


      Code (inc. data)   RO Data    RW Data    ZI Data      Debug   Object Name

       638         88         16          0          0       6616   flash_if.o
       768         12          0         12          0     242222   main.o
        52          8        392          0      16384        936   startup_stm32f40_41xxx.o
        48          8          0          0          0       1633   stm32f4xx_crc.o
       542         70          0          0          0       7334   stm32f4xx_flash.o
       220         70          0         56          0       4309   stm32f4xx_it.o
        32          6          0          0          0        637   stm32f4xx_rcc.o
       340         32          0          0          0       1629   system_stm32f4xx.o

    ----------------------------------------------------------------------
      2652        294        440         68      16388     265316   Object Totals
         0          0         32          0          0          0   (incl. Generated)
        12          0          0          0          4          0   (incl. Padding)

    ----------------------------------------------------------------------

      Code (inc. data)   RO Data    RW Data    ZI Data      Debug   Library Member Name

         0          0          0          0          0          0   entry.o
         0          0          0          0          0          0   entry10a.o
         0          0          0          0          0          0   entry11a.o
         8          4          0          0          0          0   entry2.o
         4          0          0          0          0          0   entry5.o
         0          0          0          0          0          0   entry7b.o
         0          0          0          0          0          0   entry8b.o
         8          4          0          0          0          0   entry9a.o
        30          0          0          0          0          0   handlers.o
        36          8          0          0          0         68   init.o
        26          0          0          0          0         80   memcmp.o

    ----------------------------------------------------------------------
       116         16          0          0          0        148   Library Totals
         4          0          0          0          0          0   (incl. Padding)

    ----------------------------------------------------------------------

      Code (inc. data)   RO Data    RW Data    ZI Data      Debug   Library Name

       112         16          0          0          0        148   mc_w.l

    ----------------------------------------------------------------------
       116         16          0          0          0        148   Library Totals

    ----------------------------------------------------------------------

==============================================================================


      Code (inc. data)   RO Data    RW Data    ZI Data      Debug   

      2768        310        440         68      16388     263068   Grand Totals
      2768        310        440         68      16388     263068   ELF Image Totals
      2768        310        440         68          0          0   ROM Totals

==============================================================================

    Total RO  Size (Code + RO Data)                 3208 (   3.13kB)
    Total RW  Size (RW Data + ZI Data)             16456 (  16.07kB)
    Total ROM Size (Code + RO Data + RW Data)       3276 (   3.20kB)

==============================================================================

